ASxxxx Linker V03.00 + NoICE + sdld,  page 1.
Hexadecimal  [32-Bits]

Area                                    Addr        Size        Decimal Bytes (Attributes)
--------------------------------        ----        ----        ------- ----- ------------
.  .ABS.                            00000000    00000000 =           0. bytes (ABS,CON)

      Value  Global                              Global Defined In Module
      -----  --------------------------------   ------------------------
     00000000  .__.ABS.                           
     00000000  _putchar                        
     00000000  l__BSEG                         
     00000000  l__BSS                          
     00000000  l__CABS                         
     00000000  l__DABS                         
     00000000  l__HEADER                       
     00000000  l__HEAP                         
     00000000  l__HOME                         
     00000000  l__INITIALIZED                  
     00000000  l__INITIALIZER                  
     00000000  s__CABS                         
     00000000  s__DABS                         
     00000000  s__HEADER                       
     00000000  s__HEADER0                      
     00000000  s__HEADER1                      
     00000000  s__HEADER2                      
     00000000  s__HEADER3                      
     00000000  s__HEADER4                      
     00000000  s__HEADER5                      
     00000000  s__HEADER6                      
     00000000  s__HEADER7                      
     00000000  s__HEADER8                      
     00000001  l__GSFINAL                      
     00000003  l__HEADER0                      
     00000003  l__HEADER2                      
     00000003  l__HEADER3                      
     00000003  l__HEADER4                      
     00000003  l__HEADER5                      
     00000003  l__HEADER6                      
     00000003  l__HEADER7                      
     00000004  l__HEADER1                      
     0000000C  l__HEADER8                      
     0000000F  l__GSINIT                       
     00000010  l__DATA                         
     00000200  s__CODE                         
     00000E6E  l__CODE                         
     0000106E  s__GSINIT                       
     0000106E  s__HOME                         
     0000106E  s__INITIALIZER                  
     0000107D  s__GSFINAL                      
     00008000  s__DATA                         
     00008010  s__BSEG                         
     00008010  s__BSS                          
     00008010  s__HEAP                         
     00008010  s__INITIALIZED                  

ASxxxx Linker V03.00 + NoICE + sdld,  page 2.
Hexadecimal  [32-Bits]

Area                                    Addr        Size        Decimal Bytes (Attributes)
--------------------------------        ----        ----        ------- ----- ------------
_CODE                               00000200    00000E6E =        3694. bytes (REL,CON)

      Value  Global                              Global Defined In Module
      -----  --------------------------------   ------------------------
     00000200  __clock                            crt0
     00000204  _exit                              crt0
     0000020A  _process_block                     plain
     00000274  _main                              plain
     00000351  _puts                              puts
     00000383  _vprintf                           vprintf
     000003AB  _printf                            vprintf
     000004EE  __print_format                     printf_large
     0000105E  ___sdcc_call_hl                    
     0000105F  _strlen                            

ASxxxx Linker V03.00 + NoICE + sdld,  page 3.
Hexadecimal  [32-Bits]

Area                                    Addr        Size        Decimal Bytes (Attributes)
--------------------------------        ----        ----        ------- ----- ------------
_HEADER0                            00000000    00000003 =           3. bytes (ABS,CON)

      Value  Global                              Global Defined In Module
      -----  --------------------------------   ------------------------
ASxxxx Linker V03.00 + NoICE + sdld,  page 4.
Hexadecimal  [32-Bits]

Area                                    Addr        Size        Decimal Bytes (Attributes)
--------------------------------        ----        ----        ------- ----- ------------
_HEADER1                            00000000    00000004 =           4. bytes (ABS,CON)

      Value  Global                              Global Defined In Module
      -----  --------------------------------   ------------------------
ASxxxx Linker V03.00 + NoICE + sdld,  page 5.
Hexadecimal  [32-Bits]

Area                                    Addr        Size        Decimal Bytes (Attributes)
--------------------------------        ----        ----        ------- ----- ------------
_HEADER2                            00000000    00000003 =           3. bytes (ABS,CON)

      Value  Global                              Global Defined In Module
      -----  --------------------------------   ------------------------
ASxxxx Linker V03.00 + NoICE + sdld,  page 6.
Hexadecimal  [32-Bits]

Area                                    Addr        Size        Decimal Bytes (Attributes)
--------------------------------        ----        ----        ------- ----- ------------
_HEADER3                            00000000    00000003 =           3. bytes (ABS,CON)

      Value  Global                              Global Defined In Module
      -----  --------------------------------   ------------------------
ASxxxx Linker V03.00 + NoICE + sdld,  page 7.
Hexadecimal  [32-Bits]

Area                                    Addr        Size        Decimal Bytes (Attributes)
--------------------------------        ----        ----        ------- ----- ------------
_HEADER4                            00000000    00000003 =           3. bytes (ABS,CON)

      Value  Global                              Global Defined In Module
      -----  --------------------------------   ------------------------
ASxxxx Linker V03.00 + NoICE + sdld,  page 8.
Hexadecimal  [32-Bits]

Area                                    Addr        Size        Decimal Bytes (Attributes)
--------------------------------        ----        ----        ------- ----- ------------
_HEADER5                            00000000    00000003 =           3. bytes (ABS,CON)

      Value  Global                              Global Defined In Module
      -----  --------------------------------   ------------------------
ASxxxx Linker V03.00 + NoICE + sdld,  page 9.
Hexadecimal  [32-Bits]

Area                                    Addr        Size        Decimal Bytes (Attributes)
--------------------------------        ----        ----        ------- ----- ------------
_HEADER6                            00000000    00000003 =           3. bytes (ABS,CON)

      Value  Global                              Global Defined In Module
      -----  --------------------------------   ------------------------
ASxxxx Linker V03.00 + NoICE + sdld,  page 10.
Hexadecimal  [32-Bits]

Area                                    Addr        Size        Decimal Bytes (Attributes)
--------------------------------        ----        ----        ------- ----- ------------
_HEADER7                            00000000    00000003 =           3. bytes (ABS,CON)

      Value  Global                              Global Defined In Module
      -----  --------------------------------   ------------------------
ASxxxx Linker V03.00 + NoICE + sdld,  page 11.
Hexadecimal  [32-Bits]

Area                                    Addr        Size        Decimal Bytes (Attributes)
--------------------------------        ----        ----        ------- ----- ------------
_HEADER8                            00000000    0000000C =          12. bytes (ABS,CON)

      Value  Global                              Global Defined In Module
      -----  --------------------------------   ------------------------
ASxxxx Linker V03.00 + NoICE + sdld,  page 12.
Hexadecimal  [32-Bits]

Area                                    Addr        Size        Decimal Bytes (Attributes)
--------------------------------        ----        ----        ------- ----- ------------
_GSINIT                             0000106E    0000000F =          15. bytes (REL,CON)

      Value  Global                              Global Defined In Module
      -----  --------------------------------   ------------------------
     0000106E  gsinit                             crt0

ASxxxx Linker V03.00 + NoICE + sdld,  page 13.
Hexadecimal  [32-Bits]

Area                                    Addr        Size        Decimal Bytes (Attributes)
--------------------------------        ----        ----        ------- ----- ------------
_GSFINAL                            0000107D    00000001 =           1. bytes (REL,CON)

      Value  Global                              Global Defined In Module
      -----  --------------------------------   ------------------------
ASxxxx Linker V03.00 + NoICE + sdld,  page 14.
Hexadecimal  [32-Bits]

Area                                    Addr        Size        Decimal Bytes (Attributes)
--------------------------------        ----        ----        ------- ----- ------------
_DATA                               00008000    00000010 =          16. bytes (REL,CON)

      Value  Global                              Global Defined In Module
      -----  --------------------------------   ------------------------
     00008000  _state                             plain

ASxxxx Linker V03.00 + NoICE + sdld,  page 15.

Files Linked                              [ module(s) ]

/usr/bin/../share/sdcc/lib/z80/crt0.rel   [ crt0 ]
bin/plain_z80_sdcc_O2.rel                 [ plain ]


Libraries Linked                          [ object file ]

/usr/bin/../share/sdcc/lib/z80/z80.lib    [ puts.rel ]
/usr/bin/../share/sdcc/lib/z80/z80.lib    [ vprintf.rel ]
/usr/bin/../share/sdcc/lib/z80/z80.lib    [ printf_large.rel ]
/usr/bin/../share/sdcc/lib/z80/z80.lib    [ __sdcc_call_hl.rel ]
/usr/bin/../share/sdcc/lib/z80/z80.lib    [ strlen.rel ]

ASxxxx Linker V03.00 + NoICE + sdld,  page 16.

User Base Address Definitions

_CODE = 0x0200
_DATA = 0x8000


?ASlink-Warning-Undefined Global '_putchar' referenced by module 'puts'

?ASlink-Warning-Undefined Global '_putchar' referenced by module 'vprintf'
